// Jest Snapshot v1, https://goo.gl/fbAQLP

exports[`MovieItem Component should be rendered 1`] = `
<MovieItemWrapper
  onClick={[Function]}
>
  <div
    className="movie-poster"
  >
    <img
      alt="poster"
      src={
        Object {
          "process": [Function],
        }
      }
    />
  </div>
  <div
    className="movie-info"
  >
    <div>
      <div
        className="movie-title"
      >
        Titanic
      </div>
      <span
        key="0"
      >
        Action
      </span>
    </div>
    <div
      className="movie-year"
    >
      1997
    </div>
  </div>
</MovieItemWrapper>
`;
